[2026-09-01T20:32:43] QUERY 1: Who was Albert Einstein?
retrieved=[('Albert_Einstein', np.float64(1.0)), ('Max_Planck', np.float64(0.5537409140309606)), ('Niels_Bohr', np.float64(0.3928153606800381)), ('Albert_Einstein_Medal', 0.3537962985679166)]
answer=Albert Einstein was “a German-born theoretical physicist” and “best known for developing the theory of relativity.” The document also says he “made important contributions to quantum theory.”
------------------------------------------------------------------------
[2026-09-01T20:32:45] QUERY 2: How is Ace Bailey related to Toronto Maple Leafs?
retrieved=[('Toronto_Maple_Leafs', np.float64(1.0)), ('Morgan_Rielly', np.float64(0.3474584486281778)), ('List_of_Stanley_Cup_champions', np.float64(0.2967219587311207)), ('Cam_Plante', np.float64(0.16837785564971552))]
answer=Ace Bailey is related to the Toronto Maple Leafs as a former player whose number was retired by the team. The document says: “The Leafs held the Ace Bailey Benefit Game, the NHL's first All-Star Game, to collect medical funds to help Bailey. His jersey was retired later the same night.”

It also lists him in the retired numbers section: “Ace Bailey … 6 … retired February 14, 1934.”
------------------------------------------------------------------------
[2026-09-01T20:32:49] QUERY 3: According to the Wikipedia pages, how many weapons are featured in the video game 'GoldenEye 007'?
retrieved=[('GoldenEye_007_(1997_video_game)', np.float64(1.0)), ('Never_Say_Never_Again', np.float64(0.37628620648032113)), ('David_Arnold', np.float64(0.22002594500642456)), ('Baldur_s_Gate_3', np.float64(0.14925958026559188))]
answer=According to the GoldenEye 007 page, the game features **“more than 20 weapons”**: “The game features more than 20 weapons, including pistols, submachine guns, assault rifles, a sniper rifle, grenades, and throwing knives.”
------------------------------------------------------------------------
[2026-09-01T20:32:52] QUERY 4: Provide a short summary of the accomplishments of Abraham Lincoln?
retrieved=[('Harriet_Lane', np.float64(0.5)), ('Abraham_Lincoln', 0.5), ('James_A._Garfield', np.float64(0.32480916624882783)), ('Mount_Rushmore', np.float64(0.3245346962703827))]
answer=Abraham Lincoln’s key accomplishments, according to the documents, include:

- He “**led the United States through the American Civil War**,” “**defeating the Confederate States**,” and “**playing a major role in the abolition of slavery**.”
- He issued the **Emancipation Proclamation**, which “**declared the slaves in the states ‘in rebellion’ to be free**.”
- He promoted the **Thirteenth Amendment**, which “**abolished chattel slavery**.”
- He delivered the **Gettysburg Address**, which became “**one of the most famous speeches in American history**.”
- He helped preserve the Union and guided the country into Reconstruction, seeking “**to heal the war-torn nation**.”

In short, Lincoln is remembered for preserving the Union, ending slavery, and shaping the nation’s wartime and postwar course.
------------------------------------------------------------------------
[2026-09-01T20:36:14] QUERY 1: Who was Albert Einstein?
retrieved=[('Albert_Einstein', np.float64(1.0)), ('Max_Planck', np.float64(0.5537409140309606)), ('Niels_Bohr', np.float64(0.3928153606800381)), ('Albert_Einstein_Medal', 0.3537962985679166)]
answer=Albert Einstein was “a German-born theoretical physicist best known for developing the theory of relativity.” The document also says he “made important contributions to quantum theory,” and that he received the 1921 Nobel Prize in Physics for “his discovery of the law of the photoelectric effect.”
------------------------------------------------------------------------
[2026-09-01T20:36:16] QUERY 2: How is Ace Bailey related to Toronto Maple Leafs?
retrieved=[('Toronto_Maple_Leafs', np.float64(1.0)), ('Morgan_Rielly', np.float64(0.3474584486281778)), ('List_of_Stanley_Cup_champions', np.float64(0.2967219587311207)), ('Cam_Plante', np.float64(0.16837785564971552))]
answer=Ace Bailey was a Toronto Maple Leafs player. The document lists him among the team’s players and retired numbers, and says the Leafs retired his jersey: “Ace Bailey” appears in the Maple Leafs’ retired numbers section, and the team held the “Ace Bailey Benefit Game.”
------------------------------------------------------------------------
[2026-09-01T20:36:18] QUERY 3: According to the Wikipedia pages, how many weapons are featured in the video game 'GoldenEye 007'?
retrieved=[('GoldenEye_007_(1997_video_game)', np.float64(1.0)), ('Never_Say_Never_Again', np.float64(0.37628620648032113)), ('David_Arnold', np.float64(0.22002594500642456)), ('Baldur_s_Gate_3', np.float64(0.14925958026559188))]
answer=According to the GoldenEye 007 page, the game features “more than 20 weapons.”

It says: “The game features more than 20 weapons, including pistols, submachine guns, assault rifles, a sniper rifle, grenades, and throwing knives.”
------------------------------------------------------------------------
[2026-09-01T20:36:22] QUERY 4: Provide a short summary of the accomplishments of Abraham Lincoln?
retrieved=[('Harriet_Lane', np.float64(0.5)), ('Abraham_Lincoln', 0.5), ('James_A._Garfield', np.float64(0.32468816327797334)), ('Mount_Rushmore', np.float64(0.3245346962703827))]
answer=Abraham Lincoln “led the United States through the American Civil War,” helped preserve the Union, and played “a major role in the abolition of slavery.” He issued the Emancipation Proclamation, promoted the Thirteenth Amendment, and delivered the Gettysburg Address. The document also says he “closely supervised the Union's strategy and tactics” during the war and is remembered for “his efforts to preserve the Union and abolish slavery.”
------------------------------------------------------------------------
